MAP
  EXTENT -76.5125927 -39.3925675209 -29.5851853 9.49014852081
  FONTSET "../symbols/fontes.txt"
  IMAGECOLOR 255 255 255
  IMAGETYPE "png"
  NAME "MS"
  SIZE -1 -1
  STATUS ON
  SYMBOLSET "../symbols/simbolos.sym"
  UNITS METERS

  OUTPUTFORMAT
    NAME "png"
    MIMETYPE "image/png"
    DRIVER "AGG/PNG"
    EXTENSION "png"
    IMAGEMODE RGB
    TRANSPARENT FALSE
  END # OUTPUTFORMAT

  LEGEND
    IMAGECOLOR 255 255 255
    KEYSIZE 20 10
    KEYSPACING 5 5
    LABEL
      SIZE MEDIUM
      COLOR 0 0 0
      OFFSET 0 0
      SHADOWSIZE 1 1
      TYPE BITMAP
    END # LABEL
    STATUS OFF
  END # LEGEND

  QUERYMAP
    COLOR 255 255 0
    SIZE -1 -1
    STATUS OFF
    STYLE HILITE
  END # QUERYMAP

  SCALEBAR
    COLOR 0 0 0
    IMAGECOLOR 255 255 255
    INTERVALS 4
    LABEL
      SIZE MEDIUM
      COLOR 0 0 0
      OFFSET 0 0
      SHADOWSIZE 1 1
      TYPE BITMAP
    END # LABEL
    SIZE 200 3
    STATUS OFF
    UNITS MILES
  END # SCALEBAR

  WEB
  END # WEB

  LAYER
    CONNECTION ""
    CONNECTIONTYPE POSTGIS
    DATA ""
    METADATA
      "cache"	"sim"
      "CLASSE"	"SIM"
      "ITENSDESC"	"Nome"
      "ESCALA"	"5000000"
      "EXTENSAO"	"-75.233614607 -33.7515829981 -27.592958622 5.272156"
      "download"	"SIM"
      "ITENS"	"cd_legenda"
      "TEMA"	"Bioma"
    END # METADATA
    NAME "bioma"
    STATUS OFF
    TEMPLATE "none.htm"
    TILEITEM "location"
    OPACITY 80
    TYPE POLYGON
    UNITS METERS
    CLASS
      NAME "Amazônia"
      EXPRESSION ('[id]'eq '1')
      STYLE
        COLOR 255 255 204
        OFFSET 0 0
        OUTLINECOLOR 50 50 50
      END # STYLE
    END # CLASS
    CLASS
      NAME "Caatinga"
      EXPRESSION ('[id]'eq '2')
      STYLE
        COLOR 232 220 201
        OFFSET 0 0
        OUTLINECOLOR 50 50 50
      END # STYLE
    END # CLASS
    CLASS
      NAME "Cerrado"
      EXPRESSION ('[id]'eq '3')
      STYLE
        COLOR 244 214 0
        OFFSET 0 0
        OUTLINECOLOR 50 50 50
      END # STYLE
    END # CLASS
    CLASS
      NAME "Pantanal"
      EXPRESSION ('[id]'eq '6')
      STYLE
        COLOR 200 200 241
        OFFSET 0 0
        OUTLINECOLOR 50 50 50
      END # STYLE
    END # CLASS
    CLASS
      NAME "Pampa"
      EXPRESSION ('[id]'eq '5')
      STYLE
        COLOR 143 189 192
        OFFSET 0 0
        OUTLINECOLOR 50 50 50
      END # STYLE
    END # CLASS
    CLASS
      NAME "Mata Atlântica"
      EXPRESSION ('[id]'eq '4')
      STYLE
        COLOR 218 255 216
        OFFSET 0 0
        OUTLINECOLOR 50 50 50
      END # STYLE
    END # CLASS
  END # LAYER

END # MAP
